
Admin@DESKTOP-MT8P8LQ MINGW64 ~
$ cd c:

Admin@DESKTOP-MT8P8LQ MINGW64 /c
$ cd Users

Admin@DESKTOP-MT8P8LQ MINGW64 /c/Users
$

Admin@DESKTOP-MT8P8LQ MINGW64 /c/Users
$ cd Admin

Admin@DESKTOP-MT8P8LQ MINGW64 ~
$ cd Framework

Admin@DESKTOP-MT8P8LQ MINGW64 ~/Framework
$ cd Project_Cart_BDD

Admin@DESKTOP-MT8P8LQ MINGW64 ~/Framework/Project_Cart_BDD (master)
$ git add all
fatal: pathspec 'all' did not match any files

Admin@DESKTOP-MT8P8LQ MINGW64 ~/Framework/Project_Cart_BDD (master)
$ git init
Reinitialized existing Git repository in C:/Users/Admin/Framework/Project_Cart_B
DD/.git/

Admin@DESKTOP-MT8P8LQ MINGW64 ~/Framework/Project_Cart_BDD (master)
$ git add README.md

Admin@DESKTOP-MT8P8LQ MINGW64 ~/Framework/Project_Cart_BDD (master)
$ git commit -m "first commit through git bash"
[master (root-commit) 57af44e] first commit through git bash
 1 file changed, 0 insertions(+), 0 deletions(-)
 create mode 100644 README.md

Admin@DESKTOP-MT8P8LQ MINGW64 ~/Framework/Project_Cart_BDD (master)
$ git branch -M main

Admin@DESKTOP-MT8P8LQ MINGW64 ~/Framework/Project_Cart_BDD (main)
$ git remote add origin https://github.com/athakre311/Project_Cart_BDD.git

Admin@DESKTOP-MT8P8LQ MINGW64 ~/Framework/Project_Cart_BDD (main)
$ git push -u origin main
Enumerating objects: 3, done.
Counting objects: 100% (3/3), done.
Writing objects: 100% (3/3), 216 bytes | 72.00 KiB/s, done.
Total 3 (delta 0), reused 0 (delta 0), pack-reused 0 (from 0)
To https://github.com/athakre311/Project_Cart_BDD.git
 * [new branch]      main -> main
branch 'main' set up to track 'origin/main'.

Admin@DESKTOP-MT8P8LQ MINGW64 ~/Framework/Project_Cart_BDD (main)
$ git init
Reinitialized existing Git repository in C:/Users/Admin/Framework/Project_Cart_BDD/.git/

Admin@DESKTOP-MT8P8LQ MINGW64 ~/Framework/Project_Cart_BDD (main)
$ git status
On branch main
Your branch is up to date with 'origin/main'.

Untracked files:
  (use "git add <file>..." to include in what will be committed)
        .classpath
        .project
        .settings/
        pom.xml
        src/
        target/

nothing added to commit but untracked files present (use "git add" to track)

Admin@DESKTOP-MT8P8LQ MINGW64 ~/Framework/Project_Cart_BDD (main)
$ git add -A

Admin@DESKTOP-MT8P8LQ MINGW64 ~/Framework/Project_Cart_BDD (main)
$ git status
On branch main
Your branch is up to date with 'origin/main'.

Changes to be committed:
  (use "git restore --staged <file>..." to unstage)
        new file:   .classpath
        new file:   .project
        new file:   .settings/org.eclipse.core.resources.prefs
        new file:   .settings/org.eclipse.jdt.core.prefs
        new file:   .settings/org.eclipse.m2e.core.prefs
        new file:   pom.xml
        new file:   src/test/resources/features/Login.feature
        new file:   src/test/resources/features/Register.feature
        new file:   target/classes/.cucumber/cucumber.glue.tmp
        new file:   target/classes/.cucumber/cucumber.stepDefinitions.tmp
        new file:   target/classes/META-INF/MANIFEST.MF
        new file:   target/classes/META-INF/maven/Project_Cart_BDD/Project_Cart_BDD/pom.properties
        new file:   target/classes/META-INF/maven/Project_Cart_BDD/Project_Cart_BDD/pom.xml
        new file:   target/test-classes/features/Login.feature
        new file:   target/test-classes/features/Register.feature


Admin@DESKTOP-MT8P8LQ MINGW64 ~/Framework/Project_Cart_BDD (main)
$ git commit - "git commit all code to repo"
error: pathspec '-' did not match any file(s) known to git
error: pathspec 'git commit all code to repo' did not match any file(s) known to git

Admin@DESKTOP-MT8P8LQ MINGW64 ~/Framework/Project_Cart_BDD (main)
$ git commit -m "git commit all code to repo"
[main 5599497] git commit all code to repo
 15 files changed, 194 insertions(+)
 create mode 100644 .classpath
 create mode 100644 .project
 create mode 100644 .settings/org.eclipse.core.resources.prefs
 create mode 100644 .settings/org.eclipse.jdt.core.prefs
 create mode 100644 .settings/org.eclipse.m2e.core.prefs
 create mode 100644 pom.xml
 create mode 100644 src/test/resources/features/Login.feature
 create mode 100644 src/test/resources/features/Register.feature
 create mode 100644 target/classes/.cucumber/cucumber.glue.tmp
 create mode 100644 target/classes/.cucumber/cucumber.stepDefinitions.tmp
 create mode 100644 target/classes/META-INF/MANIFEST.MF
 create mode 100644 target/classes/META-INF/maven/Project_Cart_BDD/Project_Cart_BDD/pom.properties
 create mode 100644 target/classes/META-INF/maven/Project_Cart_BDD/Project_Cart_BDD/pom.xml
 create mode 100644 target/test-classes/features/Login.feature
 create mode 100644 target/test-classes/features/Register.feature

Admin@DESKTOP-MT8P8LQ MINGW64 ~/Framework/Project_Cart_BDD (main)
$ git remote add origin https://github.com/athakre311/Project_Cart_BDD.git
error: remote origin already exists.

Admin@DESKTOP-MT8P8LQ MINGW64 ~/Framework/Project_Cart_BDD (main)
$ git push origin master
error: src refspec master does not match any
error: failed to push some refs to 'https://github.com/athakre311/Project_Cart_BDD.git'

Admin@DESKTOP-MT8P8LQ MINGW64 ~/Framework/Project_Cart_BDD (main)
$ git push origin main
Enumerating objects: 27, done.
Counting objects: 100% (27/27), done.
Delta compression using up to 8 threads
Compressing objects: 100% (21/21), done.
Writing objects: 100% (26/26), 3.43 KiB | 702.00 KiB/s, done.
Total 26 (delta 0), reused 0 (delta 0), pack-reused 0 (from 0)
To https://github.com/athakre311/Project_Cart_BDD.git
   57af44e..5599497  main -> main

Admin@DESKTOP-MT8P8LQ MINGW64 ~/Framework/Project_Cart_BDD (main)
$ git init
Reinitialized existing Git repository in C:/Users/Admin/Framework/Project_Cart_BDD/.git/

Admin@DESKTOP-MT8P8LQ MINGW64 ~/Framework/Project_Cart_BDD (main)
$ git status
On branch main
Your branch is up to date with 'origin/main'.

Changes not staged for commit:
  (use "git add <file>..." to update what will be committed)
  (use "git restore <file>..." to discard changes in working directory)
        modified:   target/classes/META-INF/maven/Project_Cart_BDD/Project_Cart_BDD/pom.properties

Untracked files:
  (use "git add <file>..." to include in what will be committed)
        src/test/resources/features/Search.feature
        target/test-classes/features/Search.feature

no changes added to commit (use "git add" and/or "git commit -a")

Admin@DESKTOP-MT8P8LQ MINGW64 ~/Framework/Project_Cart_BDD (main)
$ git add -A
warning: in the working copy of 'src/test/resources/features/Search.feature', LF will be replaced by CRLF
the next time Git touches it
warning: in the working copy of 'target/test-classes/features/Search.feature', LF will be replaced by CRLF
 the next time Git touches it

Admin@DESKTOP-MT8P8LQ MINGW64 ~/Framework/Project_Cart_BDD (main)
$ git status
On branch main
Your branch is up to date with 'origin/main'.

Changes to be committed:
  (use "git restore --staged <file>..." to unstage)
        new file:   src/test/resources/features/Search.feature
        modified:   target/classes/META-INF/maven/Project_Cart_BDD/Project_Cart_BDD/pom.properties
        new file:   target/test-classes/features/Search.feature


Admin@DESKTOP-MT8P8LQ MINGW64 ~/Framework/Project_Cart_BDD (main)
$ git commit -m "Create search.featue file"
[main 69157f3] Create search.featue file
 3 files changed, 15 insertions(+), 1 deletion(-)
 create mode 100644 src/test/resources/features/Search.feature
 create mode 100644 target/test-classes/features/Search.feature

Admin@DESKTOP-MT8P8LQ MINGW64 ~/Framework/Project_Cart_BDD (main)
$ git push origin main
Enumerating objects: 25, done.
Counting objects: 100% (25/25), done.
Delta compression using up to 8 threads
Compressing objects: 100% (9/9), done.
Writing objects: 100% (14/14), 1.14 KiB | 389.00 KiB/s, done.
Total 14 (delta 2), reused 0 (delta 0), pack-reused 0 (from 0)
remote: Resolving deltas: 100% (2/2), completed with 2 local objects.
To https://github.com/athakre311/Project_Cart_BDD.git
   5599497..69157f3  main -> main

Admin@DESKTOP-MT8P8LQ MINGW64 ~/Framework/Project_Cart_BDD (main)
$ ^C

Admin@DESKTOP-MT8P8LQ MINGW64 ~/Framework/Project_Cart_BDD (main)
$
