
Admin@DESKTOP-MT8P8LQ MINGW64 ~/Framework/Project_Cart_BDD (main)
$ git init
Reinitialized existing Git repository in C:/Users/Admin/Framework/Project_Cart_BDD/.git/

Admin@DESKTOP-MT8P8LQ MINGW64 ~/Framework/Project_Cart_BDD (main)
$ git status
On branch main
Your branch is up to date with 'origin/main'.

Changes not staged for commit:
  (use "git add <file>..." to update what will be committed)
  (use "git restore <file>..." to discard changes in working directory)
        modified:   target/classes/META-INF/maven/Project_Cart_BDD/Project_Cart_BDD/pom.properties

Untracked files:
  (use "git add <file>..." to include in what will be committed)
        src/test/resources/features/Search.feature
        target/test-classes/features/Search.feature

no changes added to commit (use "git add" and/or "git commit -a")

Admin@DESKTOP-MT8P8LQ MINGW64 ~/Framework/Project_Cart_BDD (main)
$ git add -A
warning: in the working copy of 'src/test/resources/features/Search.feature', LF will be replaced by CRLF
the next time Git touches it
warning: in the working copy of 'target/test-classes/features/Search.feature', LF will be replaced by CRLF
 the next time Git touches it

Admin@DESKTOP-MT8P8LQ MINGW64 ~/Framework/Project_Cart_BDD (main)
$ git status
On branch main
Your branch is up to date with 'origin/main'.

Changes to be committed:
  (use "git restore --staged <file>..." to unstage)
        new file:   src/test/resources/features/Search.feature
        modified:   target/classes/META-INF/maven/Project_Cart_BDD/Project_Cart_BDD/pom.properties
        new file:   target/test-classes/features/Search.feature


Admin@DESKTOP-MT8P8LQ MINGW64 ~/Framework/Project_Cart_BDD (main)
$ git commit -m "Create search.featue file"
[main 69157f3] Create search.featue file
 3 files changed, 15 insertions(+), 1 deletion(-)
 create mode 100644 src/test/resources/features/Search.feature
 create mode 100644 target/test-classes/features/Search.feature

Admin@DESKTOP-MT8P8LQ MINGW64 ~/Framework/Project_Cart_BDD (main)
$ git push origin main
Enumerating objects: 25, done.
Counting objects: 100% (25/25), done.
Delta compression using up to 8 threads
Compressing objects: 100% (9/9), done.
Writing objects: 100% (14/14), 1.14 KiB | 389.00 KiB/s, done.
Total 14 (delta 2), reused 0 (delta 0), pack-reused 0 (from 0)
remote: Resolving deltas: 100% (2/2), completed with 2 local objects.
To https://github.com/athakre311/Project_Cart_BDD.git
   5599497..69157f3  main -> main

Admin@DESKTOP-MT8P8LQ MINGW64 ~/Framework/Project_Cart_BDD (main)
$ ^C

Admin@DESKTOP-MT8P8LQ MINGW64 ~/Framework/Project_Cart_BDD (main)
$
